--- write-verifier.test.js ---
1. SHA256 Consistency
2. File Verification
3. Verify Write
4. Snapshot capture and diff
node : Γ¥î WriteVerifier Test failed: AssertionError [ERR_ASSERTION]: Expected 
values to be strictly deep-equal:
At line:1 char:1
+ node tests/write-verifier.test.js > test.log 2>&1 ; Get-Content test. ...
+ ~~~~~~~~~~~~~~~~~~~~~~~~~~~~~~~~~~~~~~~~~~~~~~~~~
    + CategoryInfo          : NotSpecified: (Γ¥î WriteVerifi...tly deep-equal: 
   :String) [], RemoteException
    + FullyQualifiedErrorId : NativeCommandError
 
+ actual - expected

+ []
- [
-   'missing.txt'
- ]

    at runTests (file:///C:/Users/rushi/Downloads/apes1/APES/tests/write-verifi
er.test.js:51:16)
    at 
file:///C:/Users/rushi/Downloads/apes1/APES/tests/write-verifier.test.js:59:1
    at ModuleJob.run (node:internal/modules/esm/module_job:345:25)
    at async onImport.tracePromise.__proto__ 
(node:internal/modules/esm/loader:651:26)
    at async asyncRunEntryPointWithESMLoader 
(node:internal/modules/run_main:117:5) {
  generatedMessage: true,
  code: 'ERR_ASSERTION',
  actual: [],
  expected: [Array],
  operator: 'deepStrictEqual',
  diff: 'simple'
}
